RENDERED  86 files (83 text, 39 changed, 304 identifier substitutions, 0 production identifiers left) → <build>/build-cr
          tree sha256 af098163c5b46416…   names: FIU_COPILOT→FIU_COPILOT_CR, FIU_WH→FIU_WH_CR, FIU_ADMIN_ROLE→FIU_ADMIN_ROLE_CR, FIU_APP_ROLE→FIU_APP_ROLE_CR, FIU_AUDIT_ROLE→FIU_AUDIT_ROLE_CR
MODE: APPLY · profile cleanroom · FIU_COPILOT_CR.AML · warehouse FIU_WH_CR

== grants ==
  as ACCOUNTADMIN: 17 grants — FIU_APP_ROLE_CR: ledger SELECT+INSERT only; Cortex; read-only reference data
    [01/17] ok   USE ROLE ACCOUNTADMIN
    [02/17] ok   USE DATABASE FIU_COPILOT_CR
    [03/17] ok   USE SCHEMA AML
    [04/17] ok   GRANT USAGE ON WAREHOUSE FIU_WH_CR TO ROLE FIU_APP_ROLE_CR
    [05/17] ok   GRANT USAGE ON DATABASE FIU_COPILOT_CR TO ROLE FIU_APP_ROLE_CR
    [06/17] ok   GRANT USAGE ON SCHEMA FIU_COPILOT_CR.AML TO ROLE FIU_APP_ROLE_CR
    [07/17] ok   GRANT SELECT ON TABLE FIU_COPILOT_CR.AML.REGULATORY_CORPUS TO ROLE FIU_APP_ROLE_CR
    [08/17] ok   GRANT SELECT ON TABLE FIU_COPILOT_CR.AML.ALERTS TO ROLE FIU_APP_ROLE_CR
    [09/17] ok   GRANT SELECT ON TABLE FIU_COPILOT_CR.AML.TRANSACTIONS TO ROLE FIU_APP_ROLE_CR
    [10/17] ok   GRANT SELECT ON VIEW FIU_COPILOT_CR.AML.ALERT_TXN_SUMMARY TO ROLE FIU_APP_ROLE_CR
    [11/17] ok   GRANT SELECT ON VIEW FIU_COPILOT_CR.AML.ALERTS_CURRENT TO ROLE FIU_APP_ROLE_CR
    [12/17] ok   GRANT SELECT ON VIEW FIU_COPILOT_CR.AML.DECISION_LEDGER_INTEGRITY_V TO ROLE FIU_APP_ROLE_C
    [13/17] ok   GRANT SELECT, INSERT ON TABLE FIU_COPILOT_CR.AML.DECISION_LEDGER TO ROLE FIU_APP_ROLE_CR
    [14/17] ok   REVOKE UPDATE, DELETE, TRUNCATE, REFERENCES ON TABLE FIU_COPILOT_CR.AML.DECISION_LEDGER FR
    [15/17] ok   GRANT DATABASE ROLE SNOWFLAKE.CORTEX_USER TO ROLE FIU_APP_ROLE_CR
    [16/17] ok   GRANT USAGE ON CORTEX SEARCH SERVICE FIU_COPILOT_CR.AML.CORPUS_SEARCH TO ROLE FIU_APP_ROLE
    [17/17] ok   GRANT READ ON STAGE FIU_COPILOT_CR.AML.SEMANTIC_STAGE TO ROLE FIU_APP_ROLE_CR

== verify ==
  as FIU_APP_ROLE_CR (secondary roles NONE): SELECT, INSERT(rolled back), UPDATE/DELETE WHERE 1=0 (must be denied); TRUNCATE/DROP/ALTER proven from grants, NEVER executed
    isolated                               True
    select_ok                              True
    insert_ok                              True
    update_denied                          True
    delete_denied                          True
    ledger_privileges                      INSERT,SELECT
    privileges_are_exactly_insert_select   True
    app_role_is_not_owner                  True
    update_msg                             SQL access control error:
Insufficient privileges to operate on table 'DECISION_LEDGER'. Your primary role FIU_APP_ROLE_
    delete_msg                             SQL access control error:
Insufficient privileges to operate on table 'DECISION_LEDGER'. Your primary role FIU_APP_ROLE_
    truncate_drop_alter                    not executed - denied by grants (see ledger_privileges)
    role=FIU_APP_ROLE_CR  overall=PASS

DONE
