RENDERED  86 files (83 text, 39 changed, 304 identifier substitutions, 0 production identifiers left) → <build>/build-cr
          tree sha256 af098163c5b46416…   names: FIU_COPILOT→FIU_COPILOT_CR, FIU_WH→FIU_WH_CR, FIU_ADMIN_ROLE→FIU_ADMIN_ROLE_CR, FIU_APP_ROLE→FIU_APP_ROLE_CR, FIU_AUDIT_ROLE→FIU_AUDIT_ROLE_CR
MODE: APPLY · profile cleanroom · FIU_COPILOT_CR.AML · warehouse FIU_WH_CR

== health ==
  as FIU_APP_ROLE_CR (read-only): python3 scripts/health_check.py — HEALTHY / UNAVAILABLE / UNVERIFIED per check
      HEALTH — FIU_COPILOT_CR.AML · warehouse FIU_WH_CR · app role FIU_APP_ROLE_CR · 2026-10-02T04:00:17Z · read-only (13 statements)
      
      ✔ HEALTHY      Session is the app role with secondary roles NONE
                     role FIU_APP_ROLE_CR, secondary roles NONE, FIU_COPILOT_CR.AML on FIU_WH_CR.
      ✔ HEALTHY      App role holds exactly the least-privilege grants
                     14 data grants exactly as deploy/03_grants.sql (ledger INSERT+SELECT only, no CREATE privilege) plus 2 platform-owned objects of its own Streamlit app (ownership of the app and its internal stage, service usage). Nothing else.
      ✔ HEALTHY      Nobody but the owner, the app role and ACCOUNTADMIN holds a privilege on the ledger
                     grantees: FIU_ADMIN_ROLE_CR ['OWNERSHIP'], FIU_APP_ROLE_CR ['INSERT', 'SELECT'] — no PUBLIC, no other role.
      ✔ HEALTHY      Cortex Search service CORPUS_SEARCH is ACTIVE and indexes the expected rows
                     indexing ACTIVE, serving ACTIVE, 36 rows indexed (= PROVEN + ASSUMED; NEEDS-VERIFICATION is excluded).
      ✔ HEALTHY      Cortex Search answers a query (serving, not just state)
                     served 3 results (STR-002:PROVEN, INS-002:PROVEN, CTR-002:PROVEN); none is NEEDS-VERIFICATION.
      ✔ HEALTHY      Corpus version and counts match the manifest
                     corpus v1.1.0: {'ASSUMED': 21, 'NEEDS-VERIFICATION': 13, 'PROVEN': 15} = 49 rules, one version, governance columns populated, identical to the manifest.
      ✔ HEALTHY      Semantic model is on the stage and byte-identical to the repository's
                     present and byte-identical to the repository's file (sha256 b4fce2a4b211…).
      ✔ HEALTHY      Ledger integrity census (per-row hashes)
                     the ledger is empty: nothing to verify, nothing tampered (the integrity view answers).
      ✔ HEALTHY      Latest ledger reconciliation (read-only)
                     CONSISTENT over 0 row(s): {}.
      ? UNVERIFIED   Deletion witness: audit export reconciles with the ledger
                     no audit export exists: DELETION OF LEDGER ROWS BY THE OWNER ROLE WOULD NOT BE DETECTED. (audit export table not available (not provisioned, or not readable by this role)). Provision it: python3 scripts/audit_ledger.py provision
      ✔ HEALTHY      Hosted Streamlit app: owner, warehouse and deployed code version
                     owner FIU_APP_ROLE_CR, warehouse FIU_WH_CR, 13/13 code files byte-identical to the source (bundle 44097f553ea800d9…). What Snowsight rendered is NOT verified by this check.
      ? UNVERIFIED   Cortex Complete answers (one call)
                     not exercised: one real model call (≈13 s, billed). Run with --deep.
      ? UNVERIFIED   Cortex Analyst answers over the semantic model (one question)
                     not exercised: one Analyst REST call over the stage model. Run with --deep.
      
      OVERALL UNVERIFIED: 10 healthy · 0 unavailable · 3 unverified
      HEALTHY = shown to hold now · UNAVAILABLE = shown NOT to hold · UNVERIFIED = no evidence either way (never read as healthy)

DONE
