RENDERED  86 files (83 text, 39 changed, 304 identifier substitutions, 0 production identifiers left) → <build>/build-cr
          tree sha256 b49a779a048d7a95…   names: FIU_COPILOT→FIU_COPILOT_CR, FIU_WH→FIU_WH_CR, FIU_ADMIN_ROLE→FIU_ADMIN_ROLE_CR, FIU_APP_ROLE→FIU_APP_ROLE_CR, FIU_AUDIT_ROLE→FIU_AUDIT_ROLE_CR
MODE: APPLY · profile cleanroom · FIU_COPILOT_CR.AML · warehouse FIU_WH_CR

== audit ==
  provision: python3 scripts/audit_ledger.py provision --apply   as ACCOUNTADMIN
  export (append the not-yet-exported rows): python3 scripts/audit_ledger.py export --apply --out <build>/ev/ledger-export-cleanroom.ndjson   as FIU_AUDIT_ROLE_CR
  reconcile (read-only): python3 scripts/audit_ledger.py report   as FIU_APP_ROLE_CR

  ── provision
      [01/16] ok   USE ROLE ACCOUNTADMIN
          [02/16] ok   CREATE ROLE IF NOT EXISTS FIU_AUDIT_ROLE_CR COMMENT = 'Audit exporter: reads the ledger, a
          [03/16] ok   GRANT ROLE FIU_AUDIT_ROLE_CR TO USER "<user>"
          [04/16] ok   GRANT USAGE ON WAREHOUSE FIU_WH_CR TO ROLE FIU_AUDIT_ROLE_CR
          [05/16] ok   GRANT USAGE ON DATABASE FIU_COPILOT_CR TO ROLE FIU_AUDIT_ROLE_CR
          [06/16] ok   GRANT USAGE ON SCHEMA FIU_COPILOT_CR.AML TO ROLE FIU_AUDIT_ROLE_CR
          [07/16] ok   GRANT SELECT ON TABLE FIU_COPILOT_CR.AML.DECISION_LEDGER TO ROLE FIU_AUDIT_ROLE_CR
          [08/16] ok   GRANT SELECT ON VIEW FIU_COPILOT_CR.AML.DECISION_LEDGER_INTEGRITY_V TO ROLE FIU_AUDIT_ROLE
          [09/16] ok   CREATE SCHEMA IF NOT EXISTS FIU_COPILOT_CR.AUDIT COMMENT = 'Append-only audit export of DE
          [10/16] ok   GRANT OWNERSHIP ON SCHEMA FIU_COPILOT_CR.AUDIT TO ROLE FIU_AUDIT_ROLE_CR COPY CURRENT GRAN
          [11/16] ok   USE ROLE FIU_AUDIT_ROLE_CR
          [12/16] ok   CREATE TABLE IF NOT EXISTS FIU_COPILOT_CR.AUDIT.LEDGER_EXPORT ( SEQ NUMBER NOT NULL, EXPOR
          [13/16] ok   COMMENT ON TABLE FIU_COPILOT_CR.AUDIT.LEDGER_EXPORT IS 'Hash-chained, append-only export o
          [14/16] ok   USE ROLE ACCOUNTADMIN
          [15/16] ok   GRANT USAGE ON SCHEMA FIU_COPILOT_CR.AUDIT TO ROLE FIU_APP_ROLE_CR
          [16/16] ok   GRANT SELECT ON TABLE FIU_COPILOT_CR.AUDIT.LEDGER_EXPORT TO ROLE FIU_APP_ROLE_CR

  ── export (append the not-yet-exported rows)
      3 ledger row(s); 0 already exported; 3 pending (0 legacy rows would be anchored by existence only).
      wrote 3 record(s) to <build>/ev/ledger-export-cleanroom.ndjson (local file; nothing was written to Snowflake)
      appended 3 record(s) as export 927dfbcd-b23c-495e-9f43-70cfe4927dde; chain head 36394f8d9a0608f1…

  ── reconcile (read-only)
      Ledger reconciliation: CONSISTENT — 3 row(s): 3 INTACT
        audit export: 3 record(s), chain valid
        deletion detectable: yes, for exported rows
        limit: Per-row hashes detect an edited row; they cannot show that a row was deleted.
        limit: Deletion is detectable only against an audit export taken earlier, and only for rows that were already exported — a row deleted before the first export that included it is undetectable.
        limit: A holder of the ledger-owner role together with the audit role (or ACCOUNTADMIN) can alter the ledger and the export together. The export is a witness that raises the cost of tampering; it does not make owner-role deletion impossible.
        limit: Legacy rows (written before ROW_HASH existed) carry no content hash: an export proves they EXISTED, not what they said.

DONE
